ALLOC at : 4 (20 byte(s))
ALLOC at : 28 (20 byte(s))
ALLOC at : 52 (10 byte(s))
ALLOC at : 66 (15 byte(s))
ALLOC at : 85 (20 byte(s))
FREE  at : 28 
Begin of free block list :
Free block at address 24, size 24
Free block at address 105, size 407
FREE  at : 66 
Begin of free block list :
Free block at address 24, size 24
Free block at address 62, size 19
Free block at address 105, size 407
